pytorch-512 {'mAP50': 0.907, 'mAP50_95': 0.5501, 'precision': 0.8906, 'recall': 0.8518, 'ap50_per_class': {'hardhat': 0.9163, 'no-hardhat': 0.8976}}
Ultralytics 8.4.144  Python-3.12.3 torch-2.6.0+cu124 CPU (13th Gen Intel Core i5-13500HX)
Loading D:/Portfolio/sitewatch-mobile/model/sitewatch-512.onnx for ONNX Runtime inference...
Using ONNX Runtime 1.26.0 with CPUExecutionProvider
Setting batch=1 input of shape (1, 3, 512, 512)
WARNING val: Slow image access detected (ping: 0.60.1 ms, read: 6.81.3 MB/s, size: 55.2 KB). Use local storage instead of remote/mounted storage for better performance. See https://docs.ultralytics.com/guides/model-training-tips
val: Scanning D:\Portfolio\sitewatch\backend\data\hardhat\test\labels.cache... 2001 images, 27 backgrounds, 0 corrupt: 100% ━━━━━━━━━━━━ 2001/2001  0.0s
all       2001       5518      0.881       0.86      0.904      0.546
Speed: 4.0ms preprocess, 151.1ms inference, 0.0ms loss, 2.1ms postprocess per image
Loading D:/Portfolio/sitewatch-mobile/model/sitewatch-512.onnx for ONNX Runtime inference...
WARNING CUDA requested but CUDAExecutionProvider not available. Using CPU...
Using ONNX Runtime 1.26.0 with CPUExecutionProvider
Loading D:/Portfolio/sitewatch-mobile/model/sitewatch-512.onnx for ONNX Runtime inference...
WARNING CUDA requested but CUDAExecutionProvider not available. Using CPU...
Using ONNX Runtime 1.26.0 with CPUExecutionProvider
onnx-512 {'mAP50': 0.9042, 'mAP50_95': 0.5458, 'precision': 0.8814, 'recall': 0.8598, 'ap50_per_class': {'hardhat': 0.912, 'no-hardhat': 0.8965}}
Ultralytics 8.4.144  Python-3.12.3 torch-2.6.0+cu124 CPU (13th Gen Intel Core i5-13500HX)
Loading D:/Portfolio/sitewatch-mobile/model/sitewatch-320.onnx for ONNX Runtime inference...
Using ONNX Runtime 1.26.0 with CPUExecutionProvider
Setting batch=1 input of shape (1, 3, 320, 320)
val: Fast image access  (ping: 0.20.0 ms, read: 62.538.0 MB/s, size: 51.1 KB)
val: Scanning D:\Portfolio\sitewatch\backend\data\hardhat\test\labels.cache... 2001 images, 27 backgrounds, 0 corrupt: 100% ━━━━━━━━━━━━ 2001/2001  0.0s
all       2001       5518       0.84      0.793       0.84       0.49
Speed: 1.3ms preprocess, 86.0ms inference, 0.0ms loss, 2.0ms postprocess per image
Loading D:/Portfolio/sitewatch-mobile/model/sitewatch-320.onnx for ONNX Runtime inference...
WARNING CUDA requested but CUDAExecutionProvider not available. Using CPU...
Using ONNX Runtime 1.26.0 with CPUExecutionProvider
Loading D:/Portfolio/sitewatch-mobile/model/sitewatch-320.onnx for ONNX Runtime inference...
WARNING CUDA requested but CUDAExecutionProvider not available. Using CPU...
Using ONNX Runtime 1.26.0 with CPUExecutionProvider
onnx-320 {'mAP50': 0.8397, 'mAP50_95': 0.4902, 'precision': 0.8396, 'recall': 0.7928, 'ap50_per_class': {'hardhat': 0.8418, 'no-hardhat': 0.8376}}
